
> plugpass-web@0.1.0 test:unit
> vitest run src/features/search/views/StationMapAvailability.spec.ts


 RUN  v5.0.3 /Users/seungmin/Desktop/repo/PlugPass/frontend

 ❯ src/features/search/views/StationMapAvailability.spec.ts (3 tests | 3 failed) 124ms
   ❯ 지도 실패와 목록의 독립성 (3)
     × SDK 로딩이 실패해도 목록·상세 링크를 유지하고 지도만 재시도한다 42ms
     × SDK가 10초 동안 응답하지 않으면 목록을 유지하고 늦게 완료돼도 실패 화면을 덮지 않는다 22ms
     × 타일 요청 실패는 안내하고 목록 선택·상세 이동을 유지한다 59ms

⎯⎯⎯⎯⎯⎯⎯ Failed Tests 3 ⎯⎯⎯⎯⎯⎯⎯

 FAIL  src/features/search/views/StationMapAvailability.spec.ts > 지도 실패와 목록의 독립성 > SDK 로딩이 실패해도 목록·상세 링크를 유지하고 지도만 재시도한다
AssertionError: expected false to be true // Object.is equality

- Expected
+ Received

- true
+ false

 ❯ src/features/search/views/StationMapAvailability.spec.ts:29:53
     27|     await wrapper.get('#show-map').trigger('click')
     28|     await flushPromises()
     29|     expect(wrapper.find('[role="alert"]').exists()).toBe(true)
       |                                                     ^
     30|     expect(wrapper.findAll('article a').map(link => link.text())).toEq…
     31|     await wrapper.get('#retry-map').trigger('click')

⎯⎯⎯⎯⎯⎯⎯⎯⎯⎯⎯⎯⎯⎯⎯⎯⎯⎯⎯⎯⎯⎯⎯⎯[1/3]⎯

 FAIL  src/features/search/views/StationMapAvailability.spec.ts > 지도 실패와 목록의 독립성 > SDK가 10초 동안 응답하지 않으면 목록을 유지하고 늦게 완료돼도 실패 화면을 덮지 않는다
AssertionError: expected false to be true // Object.is equality

- Expected
+ Received

- true
+ false

 ❯ src/features/search/views/StationMapAvailability.spec.ts:49:53
     47|     await wrapper.get('#show-map').trigger('click')
     48|     await vi.advanceTimersByTimeAsync(10_000)
     49|     expect(wrapper.find('[role="alert"]').exists()).toBe(true)
       |                                                     ^
     50|     expect(wrapper.findAll('article')).toHaveLength(2)
     51|     finishLoading(createMap)

⎯⎯⎯⎯⎯⎯⎯⎯⎯⎯⎯⎯⎯⎯⎯⎯⎯⎯⎯⎯⎯⎯⎯⎯[2/3]⎯

 FAIL  src/features/search/views/StationMapAvailability.spec.ts > 지도 실패와 목록의 독립성 > 타일 요청 실패는 안내하고 목록 선택·상세 이동을 유지한다
AssertionError: expected false to be true // Object.is equality

- Expected
+ Received

- true
+ false

 ❯ src/features/search/views/StationMapAvailability.spec.ts:66:53
     64|     await vi.waitFor(() => expect(wrapper.findAll('.leaflet-tile')).no…
     65|     await wrapper.get('.leaflet-tile').trigger('error')
     66|     expect(wrapper.find('[role="alert"]').exists()).toBe(true)
       |                                                     ^
     67|     expect(wrapper.text()).toContain('배경 지도를 불러오지 못했습니다')
     68|     await wrapper.get('button[aria-label="가까운 충전소 지도에서 선택"]').trigger(…

⎯⎯⎯⎯⎯⎯⎯⎯⎯⎯⎯⎯⎯⎯⎯⎯⎯⎯⎯⎯⎯⎯⎯⎯[3/3]⎯

⎯⎯⎯⎯⎯⎯ Unhandled Errors ⎯⎯⎯⎯⎯⎯

Vitest caught 1 unhandled error during the test run.
This might cause false positive tests. Resolve unhandled errors to make sure your tests are not affected.

⎯⎯⎯⎯ Unhandled Rejection ⎯⎯⎯⎯⎯
Error: SDK 다운로드 실패
 ❯ src/features/search/views/StationMapAvailability.spec.ts:21:65
     19| describe('지도 실패와 목록의 독립성', () => {
     20|   it('SDK 로딩이 실패해도 목록·상세 링크를 유지하고 지도만 재시도한다', async () => {
     21|     vi.spyOn(mapLoader, 'loadStationMap').mockRejectedValueOnce(new Er…
       |                                                                 ^
     22|     httpClient.defaults.adapter = async config => jsonResponse(config,…
     23|     const router = searchRouter()
 ❯ node_modules/vitest/dist/chunks/run.BTlFXlnv.js:1628:35
 ❯ node_modules/vitest/dist/chunks/run.BTlFXlnv.js:2783:26
 ❯ node_modules/vitest/dist/chunks/run.BTlFXlnv.js:3321:20
 ❯ runWithCancel node_modules/vitest/dist/chunks/run.BTlFXlnv.js:3316:10
 ❯ node_modules/vitest/dist/chunks/run.BTlFXlnv.js:3301:20
 ❯ runWithTimeout node_modules/vitest/dist/chunks/run.BTlFXlnv.js:3259:10
 ❯ node_modules/vitest/dist/chunks/run.BTlFXlnv.js:3882:64

This error originated in "src/features/search/views/StationMapAvailability.spec.ts" test file. It doesn't mean the error was thrown inside the file itself, but while it was running.
The last test to run before this error was "SDK 로딩이 실패해도 목록·상세 링크를 유지하고 지도만 재시도한다". This means either:
- the error was thrown while Vitest was running this test, or
- the error was thrown after the test completed, and this was the most recent test at that point.
⎯⎯⎯⎯⎯⎯⎯⎯⎯⎯⎯⎯⎯⎯⎯⎯⎯⎯⎯⎯⎯⎯⎯⎯⎯⎯⎯⎯⎯⎯


 Test Files  1 failed (1)
      Tests  3 failed (3)
     Errors  1 error
   Start at  00:02:41
   Duration  670ms (environment 38%, transform 31%, tests 21%, import 6%, setup 4%)

JSON report written to /Users/seungmin/Desktop/repo/PlugPass/frontend/test-results/unit.json
