
> plugpass-web@0.1.0 test:unit
> vitest run src/features/search/views/StationMapSelection.spec.ts


 RUN  v5.0.3 /Users/seungmin/Desktop/repo/PlugPass/frontend

 ❯ src/features/search/views/StationMapSelection.spec.ts (8 tests | 2 failed) 274ms
   ❯ 검색 지도의 목록 선택 (8)
     ✓ 실제 SDK 마커를 클릭하면 같은 ID의 카드만 선택한다 100ms
     × 카드 선택을 실제 SDK 마커에 반영하고 마커의 undefined 다른 카드를 선택한다 66ms
     × 카드 선택을 실제 SDK 마커에 반영하고 마커의 undefined 다른 카드를 선택한다 61ms
     ✓ 지도를 요청하기 전에는 목록을 유지하고 지도 보기 버튼을 제공한다 6ms
     ✓ 카드에서 선택한 충전소 하나만 선택 상태로 표시하고 상세 링크를 유지한다 11ms
     ✓ 새 조건으로 검색하면 같은 ID가 다시 반환돼도 이전 선택을 지운다 17ms
     ✓ 같은 조건의 새로고침도 이전 선택을 지운다 9ms
     ✓ 빈 결과에서도 지도 탐색을 요청할 수 있지만 없는 카드 선택은 표시하지 않는다 3ms

⎯⎯⎯⎯⎯⎯⎯ Failed Tests 2 ⎯⎯⎯⎯⎯⎯⎯

 FAIL  src/features/search/views/StationMapSelection.spec.ts > 검색 지도의 목록 선택 > 카드 선택을 실제 SDK 마커에 반영하고 마커의 undefined 다른 카드를 선택한다
 FAIL  src/features/search/views/StationMapSelection.spec.ts > 검색 지도의 목록 선택 > 카드 선택을 실제 SDK 마커에 반영하고 마커의 undefined 다른 카드를 선택한다
AssertionError: expected 'false' to be 'true' // Object.is equality

Expected: "true"
Received: "false"

 ❯ src/features/search/views/StationMapSelection.spec.ts:44:91
     42|     expect(wrapper.get('[aria-label="가까운 충전소 지도 마커"]').attributes('ari…
     43|     await wrapper.get('[aria-label="대체 충전소 지도 마커"]').trigger('keydown'…
     44|     expect(wrapper.get('button[aria-label="대체 충전소 지도에서 선택"]').attribut…
       |                                                                                           ^
     45|     expect(wrapper.get('[aria-label="대체 충전소 지도 마커"]').attributes('tabi…
     46|     expect(wrapper.find('.leaflet-control-attribution a[href="https://…

⎯⎯⎯⎯⎯⎯⎯⎯⎯⎯⎯⎯⎯⎯⎯⎯⎯⎯⎯⎯⎯⎯⎯⎯[1/2]⎯


 Test Files  1 failed (1)
      Tests  2 failed | 6 passed (8)
   Start at  00:01:51
   Duration  823ms (tests 36%, environment 30%, transform 25%, import 5%, setup 3%)

JSON report written to /Users/seungmin/Desktop/repo/PlugPass/frontend/test-results/unit.json
