
> plugpass-web@0.1.0 test:unit
> vitest run src/features/search/views/StationMapSelection.spec.ts


 RUN  v5.0.3 /Users/seungmin/Desktop/repo/PlugPass/frontend

 ❯ src/features/search/views/StationMapSelection.spec.ts (7 tests | 2 failed) 2188ms
   ❯ 검색 지도의 목록 선택 (7)
     × 실제 SDK 마커를 클릭하면 같은 ID의 카드만 선택한다 1084ms
     × 카드 선택을 실제 SDK 마커에 반영하고 마커의 Enter로 다른 카드를 선택한다 1025ms
     ✓ 지도를 요청하기 전에는 목록을 유지하고 지도 보기 버튼을 제공한다 28ms
     ✓ 카드에서 선택한 충전소 하나만 선택 상태로 표시하고 상세 링크를 유지한다 16ms
     ✓ 새 조건으로 검색하면 같은 ID가 다시 반환돼도 이전 선택을 지운다 15ms
     ✓ 같은 조건의 새로고침도 이전 선택을 지운다 10ms
     ✓ 빈 결과에서도 지도 탐색을 요청할 수 있지만 없는 카드 선택은 표시하지 않는다 9ms

⎯⎯⎯⎯⎯⎯⎯ Failed Tests 2 ⎯⎯⎯⎯⎯⎯⎯

 FAIL  src/features/search/views/StationMapSelection.spec.ts > 검색 지도의 목록 선택 > 실제 SDK 마커를 클릭하면 같은 ID의 카드만 선택한다
AssertionError: expected [] to have a length of 2 but got +0

- Expected
+ Received

- 2
+ 0

 ❯ src/features/search/views/StationMapSelection.spec.ts:25:76
     23|     await flushPromises()
     24|     await wrapper.get('#show-map').trigger('click')
     25|     await vi.waitFor(() => expect(wrapper.findAll('.leaflet-marker-ico…
       |                                                                            ^
     26|     await wrapper.get('[aria-label="대체 충전소 지도 마커"]').trigger('click')
     27|     expect(wrapper.get('button[aria-label="대체 충전소 지도에서 선택"]').attribut…

⎯⎯⎯⎯⎯⎯⎯⎯⎯⎯⎯⎯⎯⎯⎯⎯⎯⎯⎯⎯⎯⎯⎯⎯[1/2]⎯

 FAIL  src/features/search/views/StationMapSelection.spec.ts > 검색 지도의 목록 선택 > 카드 선택을 실제 SDK 마커에 반영하고 마커의 Enter로 다른 카드를 선택한다
AssertionError: expected [] to have a length of 2 but got +0

- Expected
+ Received

- 2
+ 0

 ❯ src/features/search/views/StationMapSelection.spec.ts:40:76
     38|     await flushPromises()
     39|     await wrapper.get('#show-map').trigger('click')
     40|     await vi.waitFor(() => expect(wrapper.findAll('.leaflet-marker-ico…
       |                                                                            ^
     41|     await wrapper.get('button[aria-label="가까운 충전소 지도에서 선택"]').trigger(…
     42|     expect(wrapper.get('[aria-label="가까운 충전소 지도 마커"]').attributes('ari…

⎯⎯⎯⎯⎯⎯⎯⎯⎯⎯⎯⎯⎯⎯⎯⎯⎯⎯⎯⎯⎯⎯⎯⎯[2/2]⎯


 Test Files  1 failed (1)
      Tests  2 failed | 5 passed (7)
   Start at  23:58:01
   Duration  3.02s (tests 74%, environment 15%, transform 7%, import 2%, setup 1%)

JSON report written to /Users/seungmin/Desktop/repo/PlugPass/frontend/test-results/unit.json
