
> plugpass-web@0.1.0 test:unit
> vitest run src/features/search/views/StationMapSelection.spec.ts


 RUN  v5.0.3 /Users/seungmin/Desktop/repo/PlugPass/frontend

 ❯ src/features/search/views/StationMapSelection.spec.ts (5 tests | 5 failed) 71ms
   ❯ 검색 지도의 목록 선택 (5)
     × 지도를 요청하기 전에는 목록을 유지하고 지도 보기 버튼을 제공한다 41ms
     × 카드에서 선택한 충전소 하나만 선택 상태로 표시하고 상세 링크를 유지한다 13ms
     × 새 조건으로 검색하면 같은 ID가 다시 반환돼도 이전 선택을 지운다 6ms
     × 같은 조건의 새로고침도 이전 선택을 지운다 6ms
     × 빈 결과에서도 지도 탐색을 요청할 수 있지만 없는 카드 선택은 표시하지 않는다 4ms

⎯⎯⎯⎯⎯⎯⎯ Failed Tests 5 ⎯⎯⎯⎯⎯⎯⎯

 FAIL  src/features/search/views/StationMapSelection.spec.ts > 검색 지도의 목록 선택 > 지도를 요청하기 전에는 목록을 유지하고 지도 보기 버튼을 제공한다
AssertionError: expected false to be true // Object.is equality

- Expected
+ Received

- true
+ false

 ❯ src/features/search/views/StationMapSelection.spec.ts:25:48
     23|     await flushPromises()
     24|     expect(wrapper.findAll('article')).toHaveLength(2)
     25|     expect(wrapper.find('#show-map').exists()).toBe(true)
       |                                                ^
     26|     expect(wrapper.find('[aria-label="검색 결과 지도"]').exists()).toBe(fals…
     27|   })

⎯⎯⎯⎯⎯⎯⎯⎯⎯⎯⎯⎯⎯⎯⎯⎯⎯⎯⎯⎯⎯⎯⎯⎯[1/5]⎯

 FAIL  src/features/search/views/StationMapSelection.spec.ts > 검색 지도의 목록 선택 > 카드에서 선택한 충전소 하나만 선택 상태로 표시하고 상세 링크를 유지한다
Error: Unable to get #show-map within: <section aria-labelledby="search-heading" class="search-view">
  <div class="intro">
    <h1 id="search-heading">주변 충전소 찾기</h1>
    <p>차량에 맞는 충전소와 정보의 최신성을 함께 확인하세요.</p>
  </div>
  <div class="search-layout">
    <div class="search-panel">
      <div class="panel-heading"><svg aria-hidden="true" viewBox="0 0 24 24">
          <path d="M4 6h16M4 12h16M4 18h16M8 3v6m8 0v6M8 15v6"></path>
        </svg>
        <h2>검색 조건</h2>
      </div>
      <p class="panel-description">내 차량에 맞는 커넥터와 검색 범위를 선택하세요.</p>
      <div class="location-picker" aria-label="검색 위치 선택"><button type="button" class="secondary-button" id="current-location">현재 위치 사용</button><button type="button" class="secondary-button" id="example-location">검증용 예시 위치 사용</button>
        <p>예시 위치 37.5 / 127은 합성 데모 지역입니다. 해당 지역의 데이터가 없으면 결과가 없을 수 있습니다.</p>
        <p class="selected-location">검색 위치: 37.5 / 127</p>
        <!--v-if-->
        <!--v-if-->
      </div>
      <form class="search-form">
        <fieldset class="form-field">
          <legend>검색 반경</legend>
          <div class="radius-options"><label class="filter-option"><input type="radio" name="radiusMeters" aria-invalid="false" value="500"><span>500m</span></label><label class="filter-option"><input type="radio" name="radiusMeters" aria-invalid="false" value="1000"><span>1km</span></label><label class="filter-option"><input type="radio" name="radiusMeters" aria-invalid="false" value="3000"><span>3km</span></label><label class="filter-option"><input type="radio" name="radiusMeters" aria-invalid="false" value="5000"><span>5km</span></label><label class="filter-option"><input type="radio" name="radiusMeters" aria-invalid="false" value="10000"><span>10km</span></label></div>
          <!--v-if-->
        </fieldset>
        <fieldset class="form-field">
          <legend>차량 커넥터</legend>
          <div class="connector-options"><label class="filter-option"><input type="radio" name="connector" aria-invalid="false" value="DC_COMBO"><span>DC 콤보</span></label><label class="filter-option"><input type="radio" name="connector" aria-invalid="false" value="DC_CHADEMO"><span>CHAdeMO</span></label><label class="filter-option"><input type="radio" name="connector" aria-invalid="false" value="AC_SLOW"><span>AC 완속</span></label><label class="filter-option"><input type="radio" name="connector" aria-invalid="false" value="AC_THREE_PHASE"><span>AC 3상</span></label><label class="filter-option"><input type="radio" name="connector" aria-invalid="false" value="NACS"><span>NACS</span></label></div>
          <!--v-if-->
        </fieldset><button type="submit" class="search-button"><svg aria-hidden="true" viewBox="0 0 24 24">
            <circle cx="10.5" cy="10.5" r="6.5"></circle>
            <path d="m16 16 5 5"></path>
          </svg> 주변 충전소 검색 </button>
      </form>
      <div class="location-guidance"><svg aria-hidden="true" viewBox="0 0 24 24">
          <circle cx="12" cy="12" r="7"></circle>
          <circle cx="12" cy="12" r="2.5"></circle>
          <path d="M12 2v3m0 14v3M2 12h3m14 0h3"></path>
        </svg>
        <div>
          <h3>위치 선택 안내</h3>
          <p class="initial-guidance" role="status">검색할 위치와 조건을 선택해 주세요.</p>
        </div>
      </div>
    </div>
    <div class="search-results" aria-labelledby="results-heading" aria-busy="false">
      <div class="results-heading">
        <h2 id="results-heading">주변 충전소</h2><button type="button" class="secondary-button" id="refresh">새로고침</button>
      </div>
      <!--v-if-->
      <!--v-if-->
      <p class="results-count">2개 표시 · 최대 20개 표시</p>
      <p class="results-caution">직선거리 기준입니다. 이용 가능 보고는 도착 시점의 빈자리를 보장하지 않습니다.</p>
      <p class="result-time">조회 시각: 2026. 10. 05. 오후 11시 56분 32초 GMT+9</p>
      <p class="result-time">전체 수집 성공 시각: 2026. 10. 05. 오전 09시 0분 0초 GMT+9</p>
      <div class="station-list">
        <article class="station-card" aria-labelledby="station-2">
          <div class="station-heading">
            <h3 id="station-2">가까운 충전소</h3>
            <p>직선거리 0m</p>
          </div>
          <p class="charger-counts">호환 충전기 1대 · 이용 가능 보고 1대</p>
          <ul class="charger-badges">
            <li><span class="charger-label">충전기 01</span><span class="info-badge status-badge">이용 가능 보고</span><span class="info-badge freshness-uncertain">최신성 확인 불가</span></li>
          </ul><a href="#/stations/2?latitude=37.5&amp;longitude=127&amp;radiusMeters=1000&amp;connector=DC_COMBO&amp;limit=20">가까운 충전소 상세 보기</a>
        </article>
        <article class="station-card" aria-labelledby="station-3">
          <div class="station-heading">
            <h3 id="station-3">대체 충전소</h3>
            <p>직선거리 88m</p>
          </div>
          <p class="charger-counts">호환 충전기 1대 · 이용 가능 보고 1대</p>
          <ul class="charger-badges">
            <li><span class="charger-label">충전기 01</span><span class="info-badge status-badge">이용 가능 보고</span><span class="info-badge freshness-uncertain">최신성 확인 불가</span></li>
          </ul><a href="#/stations/3?latitude=37.5&amp;longitude=127&amp;radiusMeters=1000&amp;connector=DC_COMBO&amp;limit=20">대체 충전소 상세 보기</a>
        </article>
      </div>
    </div>
  </div>
</section>
 ❯ VueWrapper.get node_modules/@vue/test-utils/dist/vue-test-utils.cjs.js:7333:15
 ❯ src/features/search/views/StationMapSelection.spec.ts:35:19
     33|     const wrapper = mount(StationSearchView, { global: { plugins: [rou…
     34|     await flushPromises()
     35|     await wrapper.get('#show-map').trigger('click')
       |                   ^
     36|     await wrapper.get('button[aria-label="가까운 충전소 지도에서 선택"]').trigger(…
     37|     expect(wrapper.get('button[aria-label="가까운 충전소 지도에서 선택"]').attribu…

⎯⎯⎯⎯⎯⎯⎯⎯⎯⎯⎯⎯⎯⎯⎯⎯⎯⎯⎯⎯⎯⎯⎯⎯[2/5]⎯

 FAIL  src/features/search/views/StationMapSelection.spec.ts > 검색 지도의 목록 선택 > 새 조건으로 검색하면 같은 ID가 다시 반환돼도 이전 선택을 지운다
Error: Unable to get #show-map within: <section aria-labelledby="search-heading" class="search-view">
  <div class="intro">
    <h1 id="search-heading">주변 충전소 찾기</h1>
    <p>차량에 맞는 충전소와 정보의 최신성을 함께 확인하세요.</p>
  </div>
  <div class="search-layout">
    <div class="search-panel">
      <div class="panel-heading"><svg aria-hidden="true" viewBox="0 0 24 24">
          <path d="M4 6h16M4 12h16M4 18h16M8 3v6m8 0v6M8 15v6"></path>
        </svg>
        <h2>검색 조건</h2>
      </div>
      <p class="panel-description">내 차량에 맞는 커넥터와 검색 범위를 선택하세요.</p>
      <div class="location-picker" aria-label="검색 위치 선택"><button type="button" class="secondary-button" id="current-location">현재 위치 사용</button><button type="button" class="secondary-button" id="example-location">검증용 예시 위치 사용</button>
        <p>예시 위치 37.5 / 127은 합성 데모 지역입니다. 해당 지역의 데이터가 없으면 결과가 없을 수 있습니다.</p>
        <p class="selected-location">검색 위치: 37.5 / 127</p>
        <!--v-if-->
        <!--v-if-->
      </div>
      <form class="search-form">
        <fieldset class="form-field">
          <legend>검색 반경</legend>
          <div class="radius-options"><label class="filter-option"><input type="radio" name="radiusMeters" aria-invalid="false" value="500"><span>500m</span></label><label class="filter-option"><input type="radio" name="radiusMeters" aria-invalid="false" value="1000"><span>1km</span></label><label class="filter-option"><input type="radio" name="radiusMeters" aria-invalid="false" value="3000"><span>3km</span></label><label class="filter-option"><input type="radio" name="radiusMeters" aria-invalid="false" value="5000"><span>5km</span></label><label class="filter-option"><input type="radio" name="radiusMeters" aria-invalid="false" value="10000"><span>10km</span></label></div>
          <!--v-if-->
        </fieldset>
        <fieldset class="form-field">
          <legend>차량 커넥터</legend>
          <div class="connector-options"><label class="filter-option"><input type="radio" name="connector" aria-invalid="false" value="DC_COMBO"><span>DC 콤보</span></label><label class="filter-option"><input type="radio" name="connector" aria-invalid="false" value="DC_CHADEMO"><span>CHAdeMO</span></label><label class="filter-option"><input type="radio" name="connector" aria-invalid="false" value="AC_SLOW"><span>AC 완속</span></label><label class="filter-option"><input type="radio" name="connector" aria-invalid="false" value="AC_THREE_PHASE"><span>AC 3상</span></label><label class="filter-option"><input type="radio" name="connector" aria-invalid="false" value="NACS"><span>NACS</span></label></div>
          <!--v-if-->
        </fieldset><button type="submit" class="search-button"><svg aria-hidden="true" viewBox="0 0 24 24">
            <circle cx="10.5" cy="10.5" r="6.5"></circle>
            <path d="m16 16 5 5"></path>
          </svg> 주변 충전소 검색 </button>
      </form>
      <div class="location-guidance"><svg aria-hidden="true" viewBox="0 0 24 24">
          <circle cx="12" cy="12" r="7"></circle>
          <circle cx="12" cy="12" r="2.5"></circle>
          <path d="M12 2v3m0 14v3M2 12h3m14 0h3"></path>
        </svg>
        <div>
          <h3>위치 선택 안내</h3>
          <p class="initial-guidance" role="status">검색할 위치와 조건을 선택해 주세요.</p>
        </div>
      </div>
    </div>
    <div class="search-results" aria-labelledby="results-heading" aria-busy="false">
      <div class="results-heading">
        <h2 id="results-heading">주변 충전소</h2><button type="button" class="secondary-button" id="refresh">새로고침</button>
      </div>
      <!--v-if-->
      <!--v-if-->
      <p class="results-count">2개 표시 · 최대 20개 표시</p>
      <p class="results-caution">직선거리 기준입니다. 이용 가능 보고는 도착 시점의 빈자리를 보장하지 않습니다.</p>
      <p class="result-time">조회 시각: 2026. 10. 05. 오후 11시 56분 32초 GMT+9</p>
      <p class="result-time">전체 수집 성공 시각: 2026. 10. 05. 오전 09시 0분 0초 GMT+9</p>
      <div class="station-list">
        <article class="station-card" aria-labelledby="station-2">
          <div class="station-heading">
            <h3 id="station-2">가까운 충전소</h3>
            <p>직선거리 0m</p>
          </div>
          <p class="charger-counts">호환 충전기 1대 · 이용 가능 보고 1대</p>
          <ul class="charger-badges">
            <li><span class="charger-label">충전기 01</span><span class="info-badge status-badge">이용 가능 보고</span><span class="info-badge freshness-uncertain">최신성 확인 불가</span></li>
          </ul><a href="#/stations/2?latitude=37.5&amp;longitude=127&amp;radiusMeters=1000&amp;connector=DC_COMBO&amp;limit=20">가까운 충전소 상세 보기</a>
        </article>
        <article class="station-card" aria-labelledby="station-3">
          <div class="station-heading">
            <h3 id="station-3">대체 충전소</h3>
            <p>직선거리 88m</p>
          </div>
          <p class="charger-counts">호환 충전기 1대 · 이용 가능 보고 1대</p>
          <ul class="charger-badges">
            <li><span class="charger-label">충전기 01</span><span class="info-badge status-badge">이용 가능 보고</span><span class="info-badge freshness-uncertain">최신성 확인 불가</span></li>
          </ul><a href="#/stations/3?latitude=37.5&amp;longitude=127&amp;radiusMeters=1000&amp;connector=DC_COMBO&amp;limit=20">대체 충전소 상세 보기</a>
        </article>
      </div>
    </div>
  </div>
</section>
 ❯ VueWrapper.get node_modules/@vue/test-utils/dist/vue-test-utils.cjs.js:7333:15
 ❯ src/features/search/views/StationMapSelection.spec.ts:51:19
     49|     const wrapper = mount(StationSearchView, { global: { plugins: [rou…
     50|     await flushPromises()
     51|     await wrapper.get('#show-map').trigger('click')
       |                   ^
     52|     await wrapper.get('button[aria-label="가까운 충전소 지도에서 선택"]').trigger(…
     53|     await router.push({ path: '/stations', query: { ...query, radiusMe…

⎯⎯⎯⎯⎯⎯⎯⎯⎯⎯⎯⎯⎯⎯⎯⎯⎯⎯⎯⎯⎯⎯⎯⎯[3/5]⎯

 FAIL  src/features/search/views/StationMapSelection.spec.ts > 검색 지도의 목록 선택 > 같은 조건의 새로고침도 이전 선택을 지운다
Error: Unable to get #show-map within: <section aria-labelledby="search-heading" class="search-view">
  <div class="intro">
    <h1 id="search-heading">주변 충전소 찾기</h1>
    <p>차량에 맞는 충전소와 정보의 최신성을 함께 확인하세요.</p>
  </div>
  <div class="search-layout">
    <div class="search-panel">
      <div class="panel-heading"><svg aria-hidden="true" viewBox="0 0 24 24">
          <path d="M4 6h16M4 12h16M4 18h16M8 3v6m8 0v6M8 15v6"></path>
        </svg>
        <h2>검색 조건</h2>
      </div>
      <p class="panel-description">내 차량에 맞는 커넥터와 검색 범위를 선택하세요.</p>
      <div class="location-picker" aria-label="검색 위치 선택"><button type="button" class="secondary-button" id="current-location">현재 위치 사용</button><button type="button" class="secondary-button" id="example-location">검증용 예시 위치 사용</button>
        <p>예시 위치 37.5 / 127은 합성 데모 지역입니다. 해당 지역의 데이터가 없으면 결과가 없을 수 있습니다.</p>
        <p class="selected-location">검색 위치: 37.5 / 127</p>
        <!--v-if-->
        <!--v-if-->
      </div>
      <form class="search-form">
        <fieldset class="form-field">
          <legend>검색 반경</legend>
          <div class="radius-options"><label class="filter-option"><input type="radio" name="radiusMeters" aria-invalid="false" value="500"><span>500m</span></label><label class="filter-option"><input type="radio" name="radiusMeters" aria-invalid="false" value="1000"><span>1km</span></label><label class="filter-option"><input type="radio" name="radiusMeters" aria-invalid="false" value="3000"><span>3km</span></label><label class="filter-option"><input type="radio" name="radiusMeters" aria-invalid="false" value="5000"><span>5km</span></label><label class="filter-option"><input type="radio" name="radiusMeters" aria-invalid="false" value="10000"><span>10km</span></label></div>
          <!--v-if-->
        </fieldset>
        <fieldset class="form-field">
          <legend>차량 커넥터</legend>
          <div class="connector-options"><label class="filter-option"><input type="radio" name="connector" aria-invalid="false" value="DC_COMBO"><span>DC 콤보</span></label><label class="filter-option"><input type="radio" name="connector" aria-invalid="false" value="DC_CHADEMO"><span>CHAdeMO</span></label><label class="filter-option"><input type="radio" name="connector" aria-invalid="false" value="AC_SLOW"><span>AC 완속</span></label><label class="filter-option"><input type="radio" name="connector" aria-invalid="false" value="AC_THREE_PHASE"><span>AC 3상</span></label><label class="filter-option"><input type="radio" name="connector" aria-invalid="false" value="NACS"><span>NACS</span></label></div>
          <!--v-if-->
        </fieldset><button type="submit" class="search-button"><svg aria-hidden="true" viewBox="0 0 24 24">
            <circle cx="10.5" cy="10.5" r="6.5"></circle>
            <path d="m16 16 5 5"></path>
          </svg> 주변 충전소 검색 </button>
      </form>
      <div class="location-guidance"><svg aria-hidden="true" viewBox="0 0 24 24">
          <circle cx="12" cy="12" r="7"></circle>
          <circle cx="12" cy="12" r="2.5"></circle>
          <path d="M12 2v3m0 14v3M2 12h3m14 0h3"></path>
        </svg>
        <div>
          <h3>위치 선택 안내</h3>
          <p class="initial-guidance" role="status">검색할 위치와 조건을 선택해 주세요.</p>
        </div>
      </div>
    </div>
    <div class="search-results" aria-labelledby="results-heading" aria-busy="false">
      <div class="results-heading">
        <h2 id="results-heading">주변 충전소</h2><button type="button" class="secondary-button" id="refresh">새로고침</button>
      </div>
      <!--v-if-->
      <!--v-if-->
      <p class="results-count">2개 표시 · 최대 20개 표시</p>
      <p class="results-caution">직선거리 기준입니다. 이용 가능 보고는 도착 시점의 빈자리를 보장하지 않습니다.</p>
      <p class="result-time">조회 시각: 2026. 10. 05. 오후 11시 56분 32초 GMT+9</p>
      <p class="result-time">전체 수집 성공 시각: 2026. 10. 05. 오전 09시 0분 0초 GMT+9</p>
      <div class="station-list">
        <article class="station-card" aria-labelledby="station-2">
          <div class="station-heading">
            <h3 id="station-2">가까운 충전소</h3>
            <p>직선거리 0m</p>
          </div>
          <p class="charger-counts">호환 충전기 1대 · 이용 가능 보고 1대</p>
          <ul class="charger-badges">
            <li><span class="charger-label">충전기 01</span><span class="info-badge status-badge">이용 가능 보고</span><span class="info-badge freshness-uncertain">최신성 확인 불가</span></li>
          </ul><a href="#/stations/2?latitude=37.5&amp;longitude=127&amp;radiusMeters=1000&amp;connector=DC_COMBO&amp;limit=20">가까운 충전소 상세 보기</a>
        </article>
        <article class="station-card" aria-labelledby="station-3">
          <div class="station-heading">
            <h3 id="station-3">대체 충전소</h3>
            <p>직선거리 88m</p>
          </div>
          <p class="charger-counts">호환 충전기 1대 · 이용 가능 보고 1대</p>
          <ul class="charger-badges">
            <li><span class="charger-label">충전기 01</span><span class="info-badge status-badge">이용 가능 보고</span><span class="info-badge freshness-uncertain">최신성 확인 불가</span></li>
          </ul><a href="#/stations/3?latitude=37.5&amp;longitude=127&amp;radiusMeters=1000&amp;connector=DC_COMBO&amp;limit=20">대체 충전소 상세 보기</a>
        </article>
      </div>
    </div>
  </div>
</section>
 ❯ VueWrapper.get node_modules/@vue/test-utils/dist/vue-test-utils.cjs.js:7333:15
 ❯ src/features/search/views/StationMapSelection.spec.ts:65:19
     63|     const wrapper = mount(StationSearchView, { global: { plugins: [rou…
     64|     await flushPromises()
     65|     await wrapper.get('#show-map').trigger('click')
       |                   ^
     66|     await wrapper.get('button[aria-label="가까운 충전소 지도에서 선택"]').trigger(…
     67|     await wrapper.get('#refresh').trigger('click')

⎯⎯⎯⎯⎯⎯⎯⎯⎯⎯⎯⎯⎯⎯⎯⎯⎯⎯⎯⎯⎯⎯⎯⎯[4/5]⎯

 FAIL  src/features/search/views/StationMapSelection.spec.ts > 검색 지도의 목록 선택 > 빈 결과에서도 지도 탐색을 요청할 수 있지만 없는 카드 선택은 표시하지 않는다
AssertionError: expected false to be true // Object.is equality

- Expected
+ Received

- true
+ false

 ❯ src/features/search/views/StationMapSelection.spec.ts:78:48
     76|     const wrapper = mount(StationSearchView, { global: { plugins: [rou…
     77|     await flushPromises()
     78|     expect(wrapper.find('#show-map').exists()).toBe(true)
       |                                                ^
     79|     expect(wrapper.findAll('article')).toHaveLength(0)
     80|     expect(wrapper.text()).toContain('조건에 맞는 충전소가 없습니다')

⎯⎯⎯⎯⎯⎯⎯⎯⎯⎯⎯⎯⎯⎯⎯⎯⎯⎯⎯⎯⎯⎯⎯⎯[5/5]⎯


 Test Files  1 failed (1)
      Tests  5 failed (5)
   Start at  23:56:32
   Duration  855ms (environment 56%, transform 24%, tests 9%, import 8%, setup 3%)

JSON report written to /Users/seungmin/Desktop/repo/PlugPass/frontend/test-results/unit.json
