
> plugpass-web@0.1.0 test:unit
> vitest run tests/ConsoleFollowupProbe.spec.ts


 RUN  v5.0.3 /Users/seungmin/Desktop/repo/PlugPass/frontend

 ❯ tests/ConsoleFollowupProbe.spec.ts (2 tests | 1 failed) 11ms
   × reject diagnostic 10ms
   ✓ next test isolated 0ms

⎯⎯⎯⎯⎯⎯⎯ Failed Tests 1 ⎯⎯⎯⎯⎯⎯⎯

 FAIL  tests/ConsoleFollowupProbe.spec.ts > reject diagnostic
Error: [Vue warn] Property "missing" was accessed during render but is not defined on instance.at <Anonymous>
at <VTUROOT>
 ❯ TestDiagnostics.assertEmpty tests/vueWarnings.ts:9:41
      7|
      8|   assertEmpty(): void {
      9|     if (this.messages.length > 0) throw new Error(this.messages.join('…
       |                                         ^
     10|   }
     11| }
 ❯ tests/setup.ts:62:17

⎯⎯⎯⎯⎯⎯⎯⎯⎯⎯⎯⎯⎯⎯⎯⎯⎯⎯⎯⎯⎯⎯⎯⎯[1/1]⎯


 Test Files  1 failed (1)
      Tests  1 failed | 1 passed (2)
   Start at  05:45:34
   Duration  351ms (environment 78%, setup 9%, transform 7%, tests 4%, import 1%, worker 1%)

JSON report written to /Users/seungmin/Desktop/repo/PlugPass/frontend/test-results/unit.json
