> Task :compileJava
> Task :processResources
> Task :classes
> Task :compileTestJava
> Task :processTestResources
> Task :testClasses

> Task :test

PublicDataClientTests > 마지막 실응답이 실제 건수를 보고해도 요청 크기로 페이지 종료를 판단한다 FAILED
    java.lang.AssertionError at PublicDataClientTests.java:227

PublicDataClientTests > 마지막 범위를 지난 실응답의 0건 보고를 빈 종료 페이지로 받는다 FAILED
    java.lang.AssertionError at PublicDataClientTests.java:256

74 tests completed, 2 failed

> Task :test FAILED

[Incubating] Problems report is available at: file:///Users/seungmin/Desktop/repo/PlugPass/build/reports/problems/problems-report.html

FAILURE: Build failed with an exception.

* What went wrong:
Execution failed for task ':test'.
> There were failing tests. See the report at: file:///Users/seungmin/Desktop/repo/PlugPass/build/reports/tests/test/index.html

* Try:
> Run with --scan to get full insights from a Build Scan (powered by Develocity).

Deprecated Gradle features were used in this build, making it incompatible with Gradle 10.

You can use '--warning-mode all' to show the individual deprecation warnings and determine if they come from your own scripts or plugins.

For more on this, please refer to https://docs.gradle.org/9.7.1/userguide/command_line_interface.html#sec:command_line_warnings in the Gradle documentation.

BUILD FAILED in 4s
5 actionable tasks: 5 executed
