
  .   ____          _            __ _ _
 /\\ / ___'_ __ _ _(_)_ __  __ _ \ \ \ \
( ( )\___ | '_ | '_| | '_ \/ _` | \ \ \ \
 \\/  ___)| |_)| | | | | || (_| |  ) ) ) )
  '  |____| .__|_| |_|_| |_\__, | / / / /
 =========|_|==============|___/=/_/_/_/

 :: Spring Boot ::                (v4.1.1)

2026-10-05T04:45:59.822+09:00  INFO 95046 --- [plugpass] [           main] performance.PerformanceApplication       : Starting PerformanceApplication using Java 25.0.4.1 with PID 95046 (/Users/seungmin/Desktop/repo/PlugPass/build/classes/java/test started by seungmin in /Users/seungmin/Desktop/repo/PlugPass)
2026-10-05T04:45:59.826+09:00  INFO 95046 --- [plugpass] [           main] performance.PerformanceApplication       : No active profile set, falling back to 1 default profile: "default"
2026-10-05T04:46:00.304+09:00  INFO 95046 --- [plugpass] [           main] .s.d.r.c.RepositoryConfigurationDelegate : Bootstrapping Spring Data JPA repositories in DEFAULT mode.
2026-10-05T04:46:00.353+09:00  INFO 95046 --- [plugpass] [           main] .s.d.r.c.RepositoryConfigurationDelegate : Finished Spring Data repository scanning in 44 ms. Found 4 JPA repository interfaces.
2026-10-05T04:46:00.759+09:00  INFO 95046 --- [plugpass] [           main] o.s.boot.tomcat.TomcatWebServer          : Tomcat initialized with port 0 (http)
2026-10-05T04:46:00.767+09:00  INFO 95046 --- [plugpass] [           main] o.apache.catalina.core.StandardService   : Starting service [Tomcat]
2026-10-05T04:46:00.768+09:00  INFO 95046 --- [plugpass] [           main] o.apache.catalina.core.StandardEngine    : Starting Servlet engine: [Apache Tomcat/11.0.24]
2026-10-05T04:46:00.794+09:00  INFO 95046 --- [plugpass] [           main] b.w.c.s.WebApplicationContextInitializer : Root WebApplicationContext: initialization completed in 943 ms
2026-10-05T04:46:00.954+09:00  INFO 95046 --- [plugpass] [           main] org.hibernate.orm.jpa                    : HHH008540: Processing PersistenceUnitInfo [name: default]
2026-10-05T04:46:01.003+09:00  INFO 95046 --- [plugpass] [           main] org.hibernate.orm.core                   : HHH000001: Hibernate ORM core version 7.4.5.Final
2026-10-05T04:46:01.191+09:00  INFO 95046 --- [plugpass] [           main] o.s.o.j.p.SpringPersistenceUnitInfo      : No LoadTimeWeaver setup: ignoring JPA class transformer
2026-10-05T04:46:01.205+09:00  INFO 95046 --- [plugpass] [           main] com.zaxxer.hikari.HikariDataSource       : HikariPool-1 - Starting...
2026-10-05T04:46:01.290+09:00  INFO 95046 --- [plugpass] [           main] com.zaxxer.hikari.pool.HikariPool        : HikariPool-1 - Added connection conn0: url=jdbc:h2:mem:dc8591c1-e7a8-4dad-b2ed-fe6c624a86f5 user=SA
2026-10-05T04:46:01.291+09:00  INFO 95046 --- [plugpass] [           main] com.zaxxer.hikari.HikariDataSource       : HikariPool-1 - Start completed.
2026-10-05T04:46:01.318+09:00  INFO 95046 --- [plugpass] [           main] org.hibernate.orm.connections.pooling    : HHH10001005: Database info:
	Database JDBC URL [jdbc:h2:mem:dc8591c1-e7a8-4dad-b2ed-fe6c624a86f5]
	Database driver: H2 JDBC Driver
	Database dialect: H2Dialect
	Database version: 2.4.240
	Default catalog/schema: DC8591C1-E7A8-4DAD-B2ED-FE6C624A86F5/PUBLIC
	Autocommit mode: undefined/unknown
	Isolation level: READ_COMMITTED [default READ_COMMITTED]
	JDBC fetch size: 100
	Pool: DataSourceConnectionProvider
	Minimum pool size: undefined/unknown
	Maximum pool size: undefined/unknown
2026-10-05T04:46:01.900+09:00  INFO 95046 --- [plugpass] [           main] org.hibernate.orm.core                   : HHH000489: No JTA platform available (set 'hibernate.transaction.jta.platform' to enable JTA platform integration)
2026-10-05T04:46:01.923+09:00  INFO 95046 --- [plugpass] [           main] j.LocalContainerEntityManagerFactoryBean : Initialized JPA EntityManagerFactory for persistence unit 'default'
2026-10-05T04:46:01.974+09:00  INFO 95046 --- [plugpass] [           main] o.s.d.j.r.query.QueryEnhancerFactories   : Hibernate is in classpath; If applicable, HQL parser will be used.
2026-10-05T04:46:02.920+09:00  INFO 95046 --- [plugpass] [           main] o.s.b.a.e.web.EndpointLinksResolver      : Exposing 1 endpoint beneath base path '/actuator'
2026-10-05T04:46:02.965+09:00  INFO 95046 --- [plugpass] [           main] o.s.boot.tomcat.TomcatWebServer          : Tomcat started on port 56492 (http) with context path '/'
2026-10-05T04:46:02.972+09:00  INFO 95046 --- [plugpass] [           main] performance.PerformanceApplication       : Started PerformanceApplication in 3.334 seconds (process running for 3.543)
PERFORMANCE_DATA_READY grid-v1 seed=0 stations=10000 chargers=50000
2026-10-05T04:46:04.810+09:00  INFO 95046 --- [plugpass] [1-auto-1-exec-1] o.a.c.c.C.[Tomcat].[localhost].[/]       : Initializing Spring DispatcherServlet 'dispatcherServlet'
2026-10-05T04:46:04.810+09:00  INFO 95046 --- [plugpass] [1-auto-1-exec-1] o.s.web.servlet.DispatcherServlet        : Initializing Servlet 'dispatcherServlet'
2026-10-05T04:46:04.811+09:00  INFO 95046 --- [plugpass] [1-auto-1-exec-1] o.s.web.servlet.DispatcherServlet        : Completed initialization in 1 ms
2026-10-05T04:49:37.447+09:00  INFO 95046 --- [plugpass] [ionShutdownHook] o.s.boot.tomcat.GracefulShutdown         : Commencing graceful shutdown. Waiting for active requests to complete
2026-10-05T04:49:37.452+09:00  INFO 95046 --- [plugpass] [tomcat-shutdown] o.s.boot.tomcat.GracefulShutdown         : Graceful shutdown complete
2026-10-05T04:49:37.458+09:00  INFO 95046 --- [plugpass] [ionShutdownHook] j.LocalContainerEntityManagerFactoryBean : Closing JPA EntityManagerFactory for persistence unit 'default'
2026-10-05T04:49:37.465+09:00  INFO 95046 --- [plugpass] [ionShutdownHook] com.zaxxer.hikari.HikariDataSource       : HikariPool-1 - Shutdown initiated...
2026-10-05T04:49:37.467+09:00  INFO 95046 --- [plugpass] [ionShutdownHook] com.zaxxer.hikari.HikariDataSource       : HikariPool-1 - Shutdown completed.
